../Core/Src/main.c:84:5:main	8	static
../Core/Src/main.c:163:6:SystemClock_Config	96	static
../Core/Src/main.c:210:13:MX_I2C1_Init	8	static
../Core/Src/main.c:258:13:MX_TIM1_Init	112	static
../Core/Src/main.c:342:13:MX_TIM2_Init	64	static
../Core/Src/main.c:405:13:MX_USART1_UART_Init	8	static
../Core/Src/main.c:440:13:MX_USART2_UART_Init	8	static
../Core/Src/main.c:475:13:MX_GPIO_Init	40	static
../Core/Src/main.c:505:6:printData	16	static
../Core/Src/main.c:509:6:sendData	16	static
../Core/Src/main.c:544:6:Error_Handler	4	static,ignoring_inline_asm
